// Jest Snapshot v1, https://goo.gl/fbAQLP

exports[`App matches snapshot 1`] = `
<View
  accessibilityIgnoresInvertColors={true}
  style={
    {
      "flex": 1,
      "paddingHorizontal": 64,
      "paddingVertical": 32,
    }
  }
>
  <Image
    source={
      {
        "testUri": "../../../../apps/tv/src/assets/background.png",
      }
    }
    style={
      [
        undefined,
        {
          "height": undefined,
          "width": undefined,
        },
        undefined,
      ]
    }
  />
  <View
    style={
      {
        "alignItems": "center",
        "flex": 2,
        "flexDirection": "row",
      }
    }
  >
    <View
      style={
        {
          "flex": 1,
          "flexShrink": 1,
        }
      }
    >
      <Text
        style={
          {
            "color": "#FFFFFF",
            "flexShrink": 1,
            "fontSize": 64,
            "fontWeight": "600",
            "lineHeight": 72,
          }
        }
      >
        Hello Mithil
      </Text>
      <Text
        style={
          {
            "color": "#FFFFFF",
            "flexShrink": 1,
            "fontSize": 24,
          }
        }
      >
        Use your remote to explore and start your Vega journey 🚀
      </Text>
    </View>
    <Image
      resizeMode="contain"
      source={
        {
          "testUri": "../../../../apps/tv/src/assets/vega.png",
        }
      }
      style={
        {
          "height": 200,
          "marginLeft": 40,
          "width": 280,
        }
      }
      testID="vega-logo"
    />
  </View>
  <View
    collapsable={false}
    destinations={[]}
    style={
      [
        {
          "minHeight": 1,
          "minWidth": 1,
        },
        {
          "alignItems": "center",
          "flex": 2,
          "flexDirection": "row",
          "justifyContent": "space-between",
        },
        {
          "display": "flex",
        },
      ]
    }
  >
    <View
      accessibilityLabel="Home"
      accessibilityRole="button"
      accessibilityState={
        {
          "busy": undefined,
          "checked": undefined,
          "disabled": undefined,
          "expanded": undefined,
          "selected": undefined,
        }
      }
      accessibilityValue={
        {
          "max": undefined,
          "min": undefined,
          "now": undefined,
          "text": undefined,
        }
      }
      accessible={true}
      collapsable={false}
      focusable={true}
      hasTVPreferredFocus={true}
      isPressable={false}
      onBlur={[Function]}
      onClick={[Function]}
      onFocus={[Function]}
      onLongPress={[Function]}
      onMouseEnter={[Function]}
      onMouseLeave={[Function]}
      onPressIn={[Function]}
      onPressOut={[Function]}
      onResponderGrant={[Function]}
      onResponderMove={[Function]}
      onResponderRelease={[Function]}
      onResponderTerminate={[Function]}
      onResponderTerminationRequest={[Function]}
      onStartShouldSetResponder={[Function]}
      style={
        [
          {
            "borderRadius": 20,
            "height": 160,
            "overflow": "hidden",
            "padding": 12,
            "width": 160,
          },
          {
            "backgroundColor": "#FF6200",
            "opacity": 1,
            "transform": [
              {
                "scale": 1.1,
              },
            ],
          },
        ]
      }
      testID="tile-home"
    >
      <View
        style={
          {
            "alignItems": "center",
            "flex": 1,
            "justifyContent": "center",
          }
        }
      >
        <Image
          accessible={false}
          resizeMode="contain"
          source={
            {
              "testUri": "../../../../apps/tv/src/assets/home.png",
            }
          }
          style={
            {
              "height": 40,
              "tintColor": "#FFFFFF",
              "width": 40,
            }
          }
        />
      </View>
      <View
        style={
          {
            "alignItems": "center",
            "flex": 1,
            "justifyContent": "center",
          }
        }
      >
        <Text
          style={
            {
              "color": "#FFFFFF",
              "fontSize": 22,
              "fontWeight": "bold",
              "includeFontPadding": false,
              "lineHeight": 26,
              "textAlign": "center",
            }
          }
        >
          Home
        </Text>
      </View>
    </View>
    <View
      accessibilityLabel="Get started"
      accessibilityRole="button"
      accessibilityState={
        {
          "busy": undefined,
          "checked": undefined,
          "disabled": undefined,
          "expanded": undefined,
          "selected": undefined,
        }
      }
      accessibilityValue={
        {
          "max": undefined,
          "min": undefined,
          "now": undefined,
          "text": undefined,
        }
      }
      accessible={true}
      collapsable={false}
      focusable={true}
      hasTVPreferredFocus={false}
      isPressable={false}
      onBlur={[Function]}
      onClick={[Function]}
      onFocus={[Function]}
      onLongPress={[Function]}
      onMouseEnter={[Function]}
      onMouseLeave={[Function]}
      onPressIn={[Function]}
      onPressOut={[Function]}
      onResponderGrant={[Function]}
      onResponderMove={[Function]}
      onResponderRelease={[Function]}
      onResponderTerminate={[Function]}
      onResponderTerminationRequest={[Function]}
      onStartShouldSetResponder={[Function]}
      style={
        [
          {
            "borderRadius": 20,
            "height": 160,
            "overflow": "hidden",
            "padding": 12,
            "width": 160,
          },
          {
            "backgroundColor": "#0074B8",
          },
        ]
      }
      testID="tile-get-started"
    >
      <View
        style={
          {
            "alignItems": "center",
            "flex": 1,
            "justifyContent": "center",
          }
        }
      >
        <Image
          accessible={false}
          resizeMode="contain"
          source={
            {
              "testUri": "../../../../apps/tv/src/assets/get-started.png",
            }
          }
          style={
            {
              "height": 40,
              "tintColor": "#FFFFFF",
              "width": 40,
            }
          }
        />
      </View>
      <View
        style={
          {
            "alignItems": "center",
            "flex": 1,
            "justifyContent": "center",
          }
        }
      >
        <Text
          style={
            {
              "color": "#FFFFFF",
              "fontSize": 22,
              "fontWeight": "bold",
              "includeFontPadding": false,
              "lineHeight": 26,
              "textAlign": "center",
            }
          }
        >
          Get
started
        </Text>
      </View>
    </View>
    <View
      accessibilityLabel="Test and Debug"
      accessibilityRole="button"
      accessibilityState={
        {
          "busy": undefined,
          "checked": undefined,
          "disabled": undefined,
          "expanded": undefined,
          "selected": undefined,
        }
      }
      accessibilityValue={
        {
          "max": undefined,
          "min": undefined,
          "now": undefined,
          "text": undefined,
        }
      }
      accessible={true}
      collapsable={false}
      focusable={true}
      hasTVPreferredFocus={false}
      isPressable={false}
      onBlur={[Function]}
      onClick={[Function]}
      onFocus={[Function]}
      onLongPress={[Function]}
      onMouseEnter={[Function]}
      onMouseLeave={[Function]}
      onPressIn={[Function]}
      onPressOut={[Function]}
      onResponderGrant={[Function]}
      onResponderMove={[Function]}
      onResponderRelease={[Function]}
      onResponderTerminate={[Function]}
      onResponderTerminationRequest={[Function]}
      onStartShouldSetResponder={[Function]}
      style={
        [
          {
            "borderRadius": 20,
            "height": 160,
            "overflow": "hidden",
            "padding": 12,
            "width": 160,
          },
          {
            "backgroundColor": "#0074B8",
          },
        ]
      }
      testID="tile-debug"
    >
      <View
        style={
          {
            "alignItems": "center",
            "flex": 1,
            "justifyContent": "center",
          }
        }
      >
        <Image
          accessible={false}
          resizeMode="contain"
          source={
            {
              "testUri": "../../../../apps/tv/src/assets/debug.png",
            }
          }
          style={
            {
              "height": 40,
              "tintColor": "#FFFFFF",
              "width": 40,
            }
          }
        />
      </View>
      <View
        style={
          {
            "alignItems": "center",
            "flex": 1,
            "justifyContent": "center",
          }
        }
      >
        <Text
          style={
            {
              "color": "#FFFFFF",
              "fontSize": 22,
              "fontWeight": "bold",
              "includeFontPadding": false,
              "lineHeight": 26,
              "textAlign": "center",
            }
          }
        >
          Test &
Debug
        </Text>
      </View>
    </View>
    <View
      accessibilityLabel="Learn more"
      accessibilityRole="button"
      accessibilityState={
        {
          "busy": undefined,
          "checked": undefined,
          "disabled": undefined,
          "expanded": undefined,
          "selected": undefined,
        }
      }
      accessibilityValue={
        {
          "max": undefined,
          "min": undefined,
          "now": undefined,
          "text": undefined,
        }
      }
      accessible={true}
      collapsable={false}
      focusable={true}
      hasTVPreferredFocus={false}
      isPressable={false}
      onBlur={[Function]}
      onClick={[Function]}
      onFocus={[Function]}
      onLongPress={[Function]}
      onMouseEnter={[Function]}
      onMouseLeave={[Function]}
      onPressIn={[Function]}
      onPressOut={[Function]}
      onResponderGrant={[Function]}
      onResponderMove={[Function]}
      onResponderRelease={[Function]}
      onResponderTerminate={[Function]}
      onResponderTerminationRequest={[Function]}
      onStartShouldSetResponder={[Function]}
      style={
        [
          {
            "borderRadius": 20,
            "height": 160,
            "overflow": "hidden",
            "padding": 12,
            "width": 160,
          },
          {
            "backgroundColor": "#0074B8",
          },
        ]
      }
      testID="tile-learn-more"
    >
      <View
        style={
          {
            "alignItems": "center",
            "flex": 1,
            "justifyContent": "center",
          }
        }
      >
        <Image
          accessible={false}
          resizeMode="contain"
          source={
            {
              "testUri": "../../../../apps/tv/src/assets/learn-more.png",
            }
          }
          style={
            {
              "height": 40,
              "tintColor": "#FFFFFF",
              "width": 40,
            }
          }
        />
      </View>
      <View
        style={
          {
            "alignItems": "center",
            "flex": 1,
            "justifyContent": "center",
          }
        }
      >
        <Text
          style={
            {
              "color": "#FFFFFF",
              "fontSize": 22,
              "fontWeight": "bold",
              "includeFontPadding": false,
              "lineHeight": 26,
              "textAlign": "center",
            }
          }
        >
          Learn
more
        </Text>
      </View>
    </View>
  </View>
</View>
`;
